2026-05-08 05:03:05: [2m5:03:05 AM[22m [36m[1m[vite][22m[39m [90m[2m(client)[22m[39m Re-optimizing dependencies because vite config has changed
2026-05-08 05:03:05: 
2026-05-08 05:03:05:   [32m[1mVITE[22m v8.0.11[39m  [2mready in [0m[1m3076[22m[2m[0m ms[22m
2026-05-08 05:03:05: 
2026-05-08 05:03:05:   [32m➜[39m  [1mLocal[22m:   [36mhttp://localhost:[1m5173[22m/[39m
2026-05-08 05:03:05: [2m  [32m➜[39m  [1mNetwork[22m[2m: use [22m[1m--host[22m[2m to expose[22m
2026-05-08 05:03:07: [2m5:03:07 AM[22m [36m[1m[vite][22m[39m [90m[2m(client)[22m[39m [optimizer] bundling dependencies...
2026-05-08 16:02:54: 
2026-05-08 16:02:54:   [32m[1mVITE[22m v8.0.11[39m  [2mready in [0m[1m7287[22m[2m[0m ms[22m
2026-05-08 16:02:54: 
2026-05-08 16:02:54:   [32m➜[39m  [1mLocal[22m:   [36mhttp://localhost:[1m5173[22m/[39m
2026-05-08 16:02:54: [2m  [32m➜[39m  [1mNetwork[22m[2m: use [22m[1m--host[22m[2m to expose[22m
2026-05-08 19:16:09: [2m7:16:09 PM[22m [36m[1m[vite][22m[39m [90m[2m(client)[22m[39m [32mhmr update [39m[2m/src/pages/POS.jsx[22m
2026-05-08 19:16:09: [2m7:16:09 PM[22m [36m[1m[vite][22m[39m [90m[2m(client)[22m[39m [32mhmr update [39m[2m/src/pages/POS.jsx[22m
2026-05-08 19:28:17: [2m7:28:17 PM[22m [36m[1m[vite][22m[39m [90m[2m(client)[22m[39m [32mhmr update [39m[2m/src/pages/POS.jsx[22m
2026-05-08 19:29:38: [2m7:29:38 PM[22m [36m[1m[vite][22m[39m [90m[2m(client)[22m[39m [32mhmr update [39m[2m/src/pages/POS.jsx[22m
2026-05-08 19:36:54: [2m7:36:54 PM[22m [36m[1m[vite][22m[39m [90m[2m(client)[22m[39m [32mhmr update [39m[2m/src/pages/POS.jsx[22m
2026-05-08 19:38:10: [2m7:38:10 PM[22m [36m[1m[vite][22m[39m [90m[2m(client)[22m[39m [32mhmr update [39m[2m/src/pages/POS.jsx[22m
2026-05-08 19:39:47: [2m7:39:47 PM[22m [36m[1m[vite][22m[39m [90m[2m(client)[22m[39m [32mhmr update [39m[2m/src/pages/POS.jsx[22m
2026-05-08 19:40:39: [2m7:40:39 PM[22m [36m[1m[vite][22m[39m [90m[2m(client)[22m[39m [32mhmr update [39m[2m/src/pages/POS.jsx[22m
2026-05-08 19:42:54: [2m7:42:54 PM[22m [36m[1m[vite][22m[39m [90m[2m(client)[22m[39m [32mhmr update [39m[2m/src/pages/POS.jsx[22m
2026-05-08 19:43:20: [2m7:43:20 PM[22m [36m[1m[vite][22m[39m [90m[2m(client)[22m[39m [32mhmr update [39m[2m/src/pages/POS.jsx[22m
2026-05-08 19:46:05: [2m7:46:05 PM[22m [36m[1m[vite][22m[39m [90m[2m(client)[22m[39m [32mhmr update [39m[2m/src/pages/POS.jsx[22m
2026-05-08 19:46:22: [2m7:46:22 PM[22m [36m[1m[vite][22m[39m [90m[2m(client)[22m[39m [32mhmr update [39m[2m/src/pages/POS.jsx[22m
2026-05-08 20:09:13: [2m8:09:13 PM[22m [36m[1m[vite][22m[39m [90m[2m(client)[22m[39m [32mhmr update [39m[2m/src/pages/POS.jsx[22m
2026-05-08 20:27:52: [2m8:27:52 PM[22m [36m[1m[vite][22m[39m [90m[2m(client)[22m[39m [32mhmr update [39m[2m/src/pages/POS.jsx[22m
2026-05-08 20:44:02: [2m8:44:02 PM[22m [36m[1m[vite][22m[39m [90m[2m(client)[22m[39m [32mhmr update [39m[2m/src/pages/POS.jsx[22m
2026-05-08 20:47:01: [2m8:47:01 PM[22m [36m[1m[vite][22m[39m [90m[2m(client)[22m[39m [32mhmr update [39m[2m/src/pages/POS.jsx[22m
2026-05-08 21:04:00: [2m9:04:00 PM[22m [36m[1m[vite][22m[39m [90m[2m(client)[22m[39m [32mhmr update [39m[2m/src/pages/POS.jsx[22m
2026-05-08 21:06:38: [2m9:06:38 PM[22m [36m[1m[vite][22m[39m [90m[2m(client)[22m[39m [32mhmr update [39m[2m/src/pages/POS.jsx[22m
2026-05-08 21:07:19: [2m9:07:19 PM[22m [36m[1m[vite][22m[39m [90m[2m(client)[22m[39m [32mhmr update [39m[2m/src/pages/POS.jsx[22m
2026-05-08 21:07:48: [2m9:07:48 PM[22m [36m[1m[vite][22m[39m [90m[2m(client)[22m[39m [32mhmr update [39m[2m/src/pages/POS.jsx[22m
2026-05-08 21:08:19: [2m9:08:19 PM[22m [36m[1m[vite][22m[39m [90m[2m(client)[22m[39m [32mhmr update [39m[2m/src/pages/POS.jsx[22m
2026-05-08 21:10:36: [2m9:10:36 PM[22m [36m[1m[vite][22m[39m [90m[2m(client)[22m[39m [32mhmr update [39m[2m/src/pages/POS.jsx[22m
2026-05-08 21:12:21: [2m9:12:21 PM[22m [36m[1m[vite][22m[39m [90m[2m(client)[22m[39m [32mhmr update [39m[2m/src/pages/POS.jsx[22m
2026-05-08 22:39:37: [2m10:39:37 PM[22m [36m[1m[vite][22m[39m [90m[2m(client)[22m[39m [32mhmr update [39m[2m/src/pages/POS.jsx[22m
2026-05-08 22:55:52: [2m10:55:52 PM[22m [36m[1m[vite][22m[39m [90m[2m(client)[22m[39m [32mhmr update [39m[2m/src/pages/POS.jsx[22m
2026-05-08 22:56:10: [2m10:56:10 PM[22m [36m[1m[vite][22m[39m [90m[2m(client)[22m[39m [32mhmr update [39m[2m/src/pages/POS.jsx[22m
2026-05-08 23:03:39: [2m11:03:39 PM[22m [36m[1m[vite][22m[39m [90m[2m(client)[22m[39m [32mhmr update [39m[2m/src/pages/POS.jsx[22m
2026-05-09 00:05:19: [2m12:05:19 AM[22m [36m[1m[vite][22m[39m [90m[2m(client)[22m[39m [32mhmr update [39m[2m/src/pages/POS.jsx[22m
2026-05-09 00:14:00: [2m12:14:00 AM[22m [36m[1m[vite][22m[39m [90m[2m(client)[22m[39m [32mhmr update [39m[2m/src/pages/POS.jsx[22m
2026-05-09 02:38:47: [2m2:38:47 AM[22m [36m[1m[vite][22m[39m [90m[2m(client)[22m[39m [32mhmr update [39m[2m/src/pages/POS.jsx[22m
2026-05-09 02:46:34: 
2026-05-09 02:46:34:   [32m[1mVITE[22m v8.0.11[39m  [2mready in [0m[1m2755[22m[2m[0m ms[22m
2026-05-09 02:46:34: 
2026-05-09 02:46:34:   [32m➜[39m  [1mLocal[22m:   [36mhttp://localhost:[1m5173[22m/[39m
2026-05-09 02:46:34: [2m  [32m➜[39m  [1mNetwork[22m[2m: use [22m[1m--host[22m[2m to expose[22m
2026-05-09 03:55:31: 
2026-05-09 03:55:31:   [32m[1mVITE[22m v8.0.11[39m  [2mready in [0m[1m1998[22m[2m[0m ms[22m
2026-05-09 03:55:31: 
2026-05-09 03:55:31:   [32m➜[39m  [1mLocal[22m:   [36mhttp://localhost:[1m5173[22m/[39m
2026-05-09 03:55:31: [2m  [32m➜[39m  [1mNetwork[22m[2m: use [22m[1m--host[22m[2m to expose[22m
2026-05-09 04:03:49: [2m4:03:49 AM[22m [36m[1m[vite][22m[39m [90m[2m(client)[22m[39m [32mhmr update [39m[2m/src/pages/POS.jsx[22m
2026-05-09 04:04:29: 
2026-05-09 04:04:29:   [32m[1mVITE[22m v8.0.11[39m  [2mready in [0m[1m2579[22m[2m[0m ms[22m
2026-05-09 04:04:29: 
2026-05-09 04:04:29:   [32m➜[39m  [1mLocal[22m:   [36mhttp://localhost:[1m5173[22m/[39m
2026-05-09 04:04:29: [2m  [32m➜[39m  [1mNetwork[22m[2m: use [22m[1m--host[22m[2m to expose[22m
2026-05-09 04:05:54: [2m4:05:54 AM[22m [36m[1m[vite][22m[39m [90m[2m(client)[22m[39m [32mhmr update [39m[2m/src/pages/POS.jsx[22m
2026-05-09 04:05:55: [2m4:05:55 AM[22m [36m[1m[vite][22m[39m [90m[2m(client)[22m[39m [32mhmr update [39m[2m/src/pages/POS.jsx[22m
2026-05-09 04:06:03: [2m4:06:03 AM[22m [36m[1m[vite][22m[39m [90m[2m(client)[22m[39m [32mhmr update [39m[2m/src/pages/POS.jsx[22m
2026-05-09 04:29:17: [2m4:29:17 AM[22m [36m[1m[vite][22m[39m [90m[2m(client)[22m[39m [32mhmr update [39m[2m/src/pages/POS.jsx[22m
2026-05-09 04:29:29: [2m4:29:29 AM[22m [36m[1m[vite][22m[39m [90m[2m(client)[22m[39m [32mhmr update [39m[2m/src/pages/POS.jsx[22m
2026-05-09 04:29:29: [2m4:29:29 AM[22m [36m[1m[vite][22m[39m [90m[2m(client)[22m[39m [32mhmr update [39m[2m/src/pages/POS.jsx[22m
2026-05-09 04:35:22: [2m4:35:22 AM[22m [36m[1m[vite][22m[39m [90m[2m(client)[22m[39m [32mhmr update [39m[2m/src/pages/POS.jsx[22m
2026-05-09 04:42:58: [2m4:42:58 AM[22m [36m[1m[vite][22m[39m [90m[2m(client)[22m[39m [32mhmr update [39m[2m/src/pages/Dashboard.jsx[22m
2026-05-09 04:43:47: [2m4:43:47 AM[22m [36m[1m[vite][22m[39m [90m[2m(client)[22m[39m [32mhmr update [39m[2m/src/pages/Dashboard.jsx[22m
2026-05-09 04:57:35: [2m4:57:35 AM[22m [36m[1m[vite][22m[39m [90m[2m(client)[22m[39m [32mhmr update [39m[2m/src/pages/Dashboard.jsx[22m
2026-05-09 04:57:35: [2m4:57:35 AM[22m [36m[1m[vite][22m[39m [90m[2m(client)[22m[39m [32mhmr update [39m[2m/src/pages/Dashboard.jsx[22m
2026-05-09 05:13:23: [2m5:13:23 AM[22m [36m[1m[vite][22m[39m [90m[2m(client)[22m[39m [32mhmr update [39m[2m/src/pages/Dashboard.jsx[22m
2026-05-09 05:13:39: [2m5:13:39 AM[22m [36m[1m[vite][22m[39m [90m[2m(client)[22m[39m [32mhmr update [39m[2m/src/layouts/MainLayout.jsx[22m
2026-05-09 05:14:23: [2m5:14:23 AM[22m [36m[1m[vite][22m[39m [90m[2m(client)[22m[39m [32mhmr update [39m[2m/src/pages/Dashboard.jsx[22m
2026-05-09 05:14:58: [2m5:14:58 AM[22m [36m[1m[vite][22m[39m [90m[2m(client)[22m[39m [32mhmr update [39m[2m/src/pages/Dashboard.jsx[22m
2026-05-09 05:16:43: [2m5:16:43 AM[22m [36m[1m[vite][22m[39m [90m[2m(client)[22m[39m [32mhmr update [39m[2m/src/pages/Dashboard.jsx[22m
2026-05-09 05:18:17: [2m5:18:17 AM[22m [36m[1m[vite][22m[39m [90m[2m(client)[22m[39m [32mhmr update [39m[2m/src/layouts/MainLayout.jsx[22m
2026-05-09 05:21:06: [2m5:21:06 AM[22m [36m[1m[vite][22m[39m [90m[2m(client)[22m[39m [32mhmr update [39m[2m/src/pages/Dashboard.jsx[22m
2026-05-09 05:21:16: [2m5:21:16 AM[22m [36m[1m[vite][22m[39m [90m[2m(client)[22m[39m [32mhmr update [39m[2m/src/pages/Dashboard.jsx[22m
2026-05-09 05:21:39: [2m5:21:39 AM[22m [36m[1m[vite][22m[39m [90m[2m(client)[22m[39m [32mhmr update [39m[2m/src/pages/Dashboard.jsx[22m
2026-05-09 05:21:47: [2m5:21:47 AM[22m [36m[1m[vite][22m[39m [90m[2m(client)[22m[39m [32mhmr update [39m[2m/src/pages/Dashboard.jsx[22m
2026-05-10 11:43:05: 
2026-05-10 11:43:05:   [32m[1mVITE[22m v8.0.11[39m  [2mready in [0m[1m5109[22m[2m[0m ms[22m
2026-05-10 11:43:05: 
2026-05-10 11:43:05:   [32m➜[39m  [1mLocal[22m:   [36mhttp://localhost:[1m5173[22m/[39m
2026-05-10 11:43:05: [2m  [32m➜[39m  [1mNetwork[22m[2m: use [22m[1m--host[22m[2m to expose[22m
